2026-04-20 07:32:25 - === NBA Data Update Started ===
2026-04-20 07:32:25 - === Running getnbaschedule.py ===
Fetching NBA schedule for 2026-04-20...
Saved schedule â†’ data\nbaschedule.json
2026-04-20 07:32:26 - ✅ getnbaschedule.py completed successfully
2026-04-20 07:32:26 - ✅ Schedule loaded (4 games)
2026-04-20 07:32:26 - === Running getnbagamelogs.py ===
=== NBA PLAYER GAME LOGS START ===
[INFO] Priming NBA session...
[WARNING] Session priming failed: Failed to perform, curl: (47) Maximum (30) redirects followed. See https://curl.se/libcurl/c/libcurl-errors.html first for more details.
[RESUME] Continuing from 2026-04-13
[PULL] 04/13/2026
[PULL] 04/14/2026
[PULL] 04/15/2026
[PULL] 04/16/2026
[PULL] 04/17/2026
[PULL] 04/18/2026
[PULL] 04/19/2026
[PULL] 04/20/2026

Saved 26611 rows -> C:\Users\n8roc\PythonScripts\Streamlit\GitHub\nba\data\nbaplayergamelogs.csv
=== NBA PLAYER GAME LOGS FINISHED ===
2026-04-20 07:32:45 - ✅ getnbagamelogs.py completed successfully
2026-04-20 07:32:45 - === Validating nbaplayergamelogs.csv ===
2026-04-20 07:32:45 - ✅ nbaplayergamelogs.csv validation passed (26611 rows)
2026-04-20 07:32:45 - === Running getnbateamtotals.py ===
Saved 2456 rows -> C:\Users\n8roc\PythonScripts\Streamlit\GitHub\nba\data\nbateamgametotals.csv
2026-04-20 07:32:48 - ✅ getnbateamtotals.py completed successfully
2026-04-20 07:32:48 - === Validating nbateamgametotals.csv ===
2026-04-20 07:32:48 - ✅ nbateamgametotals.csv validation passed (2456 rows)
2026-04-20 07:32:48 - === Git sync ===
2026-04-20 07:32:50 - Repository on main and synced with GitHub.
2026-04-20 07:32:50 - 📊 New NBA data detected — committing update
2026-04-20 07:32:53 - 🚀 NBA data successfully pushed to GitHub!
2026-04-20 07:32:53 - === NBA Data Update Finished Successfully ===

2026-04-20 07:48:30 - === NBA Data Update Started ===
2026-04-20 07:48:30 - === Running getnbaschedule.py ===
Fetching NBA schedule for 2026-04-20...
Saved schedule â†’ nba\data\nbaschedule.json
2026-04-20 07:48:31 - ✅ getnbaschedule.py completed successfully
2026-04-20 07:48:31 - ✅ Schedule loaded (3 games)
2026-04-20 07:48:31 - === Running getnbagamelogs.py ===
=== NBA PLAYER GAME LOGS START ===
[INFO] Priming NBA session...
[WARNING] Session priming failed: Failed to perform, curl: (47) Maximum (30) redirects followed. See https://curl.se/libcurl/c/libcurl-errors.html first for more details.
[RESUME] Continuing from 2026-04-13
[PULL] 04/13/2026
[PULL] 04/14/2026
[PULL] 04/15/2026
[PULL] 04/16/2026
[PULL] 04/17/2026
[PULL] 04/18/2026
[PULL] 04/19/2026
[PULL] 04/20/2026

Saved 26611 rows -> C:\Users\n8roc\PythonScripts\Streamlit\GitHub\nba\data\nbaplayergamelogs.csv
=== NBA PLAYER GAME LOGS FINISHED ===
2026-04-20 07:48:50 - ✅ getnbagamelogs.py completed successfully
2026-04-20 07:48:50 - === Validating nbaplayergamelogs.csv ===
2026-04-20 07:48:50 - ✅ nbaplayergamelogs.csv validation passed (26611 rows)
2026-04-20 07:48:50 - === Running getnbateamtotals.py ===
Saved 2456 rows -> C:\Users\n8roc\PythonScripts\Streamlit\GitHub\nba\data\nbateamgametotals.csv
2026-04-20 07:48:52 - ✅ getnbateamtotals.py completed successfully
2026-04-20 07:48:52 - === Validating nbateamgametotals.csv ===
2026-04-20 07:48:53 - ✅ nbateamgametotals.csv validation passed (2456 rows)
2026-04-20 07:48:53 - === Git sync ===
2026-04-20 07:48:54 - Repository on main and synced with GitHub.
2026-04-20 07:48:54 - 📊 New NBA data detected — committing update
2026-04-20 07:48:57 - 🚀 NBA data successfully pushed to GitHub!
2026-04-20 07:48:57 - === NBA Data Update Finished Successfully ===

2026-04-21 03:30:04 - === NBA Data Update Started ===
2026-04-21 03:30:04 - === Running getnbaschedule.py ===
Fetching NBA schedule for 2026-04-21...
Saved schedule â†’ nba\data\nbaschedule.json
2026-04-21 03:30:05 - ✅ getnbaschedule.py completed successfully
2026-04-21 03:30:05 - ✅ Schedule loaded (3 games)
2026-04-21 03:30:05 - === Running getnbagamelogs.py ===
=== NBA PLAYER GAME LOGS START ===
[INFO] Priming NBA session...
[WARNING] Session priming failed: Failed to perform, curl: (47) Maximum (30) redirects followed. See https://curl.se/libcurl/c/libcurl-errors.html first for more details.
[RESUME] Continuing from 2026-04-13
[PULL] 04/13/2026
[PULL] 04/14/2026
[PULL] 04/15/2026
[PULL] 04/16/2026
[PULL] 04/17/2026
[PULL] 04/18/2026
[PULL] 04/19/2026
[PULL] 04/20/2026
[PULL] 04/21/2026

Saved 26611 rows -> C:\Users\n8roc\PythonScripts\Streamlit\GitHub\nba\data\nbaplayergamelogs.csv
=== NBA PLAYER GAME LOGS FINISHED ===
2026-04-21 03:30:48 - ✅ getnbagamelogs.py completed successfully
2026-04-21 03:30:48 - === Validating nbaplayergamelogs.csv ===
2026-04-21 03:30:48 - ✅ nbaplayergamelogs.csv validation passed (26611 rows)
2026-04-21 03:30:48 - === Running getnbateamtotals.py ===
Saved 2456 rows -> C:\Users\n8roc\PythonScripts\Streamlit\GitHub\nba\data\nbateamgametotals.csv
2026-04-21 03:30:51 - ✅ getnbateamtotals.py completed successfully
2026-04-21 03:30:51 - === Validating nbateamgametotals.csv ===
2026-04-21 03:30:51 - ✅ nbateamgametotals.csv validation passed (2456 rows)
2026-04-21 03:30:51 - === Git sync ===
2026-04-21 03:30:55 - Repository on main and synced with GitHub.
2026-04-21 03:30:55 - 📊 New NBA data detected — committing update
2026-04-21 03:30:59 - ❌ Git operation failed:
Traceback (most recent call last):
  File "C:\users\n8roc\pythonscripts\streamlit\nbadataupdate.py", line 142, in git_sync
    subprocess.run(["git", "push", "origin", "main"], check=True, env=ENV)
  File "C:\Users\n8roc\AppData\Local\Programs\Python\Python312\Lib\subprocess.py", line 571, in run
    raise CalledProcessError(retcode, process.args,
subprocess.CalledProcessError: Command '['git', 'push', 'origin', 'main']' returned non-zero exit status 1.

2026-04-21 09:49:16 - === NBA Data Update Started ===
2026-04-21 09:49:16 - === Running getnbaschedule.py ===
Fetching NBA schedule for 2026-04-21...
Saved schedule â†’ nba\data\nbaschedule.json
2026-04-21 09:49:17 - ✅ getnbaschedule.py completed successfully
2026-04-21 09:49:17 - ✅ Schedule loaded (3 games)
2026-04-21 09:49:17 - === Running getnbagamelogs.py ===
=== NBA PLAYER GAME LOGS START ===
[INFO] Priming NBA session...
[WARNING] Session priming failed: Failed to perform, curl: (47) Maximum (30) redirects followed. See https://curl.se/libcurl/c/libcurl-errors.html first for more details.
[RESUME] Continuing from 2026-04-13
[PULL] 04/13/2026
[PULL] 04/14/2026
[PULL] 04/15/2026
[PULL] 04/16/2026
[PULL] 04/17/2026
[PULL] 04/18/2026
[PULL] 04/19/2026
[PULL] 04/20/2026
[PULL] 04/21/2026

Saved 26611 rows -> C:\Users\n8roc\PythonScripts\Streamlit\GitHub\nba\data\nbaplayergamelogs.csv
=== NBA PLAYER GAME LOGS FINISHED ===
2026-04-21 09:49:48 - ✅ getnbagamelogs.py completed successfully
2026-04-21 09:49:48 - === Validating nbaplayergamelogs.csv ===
2026-04-21 09:49:48 - ✅ nbaplayergamelogs.csv validation passed (26611 rows)
2026-04-21 09:49:48 - === Running getnbateamtotals.py ===
Saved 2456 rows -> C:\Users\n8roc\PythonScripts\Streamlit\GitHub\nba\data\nbateamgametotals.csv
2026-04-21 09:49:50 - ✅ getnbateamtotals.py completed successfully
2026-04-21 09:49:50 - === Validating nbateamgametotals.csv ===
2026-04-21 09:49:50 - ✅ nbateamgametotals.csv validation passed (2456 rows)
2026-04-21 09:49:50 - === Git sync ===
2026-04-21 09:49:53 - Repository on main and synced with GitHub.
